// Jest Snapshot v1, https://goo.gl/fbAQLP

exports[`renders activity list correctly 1`] = `
<div
  className="sc-ifAKCX jRkoE"
>
  <div
    className="sc-ifAKCX jObzai"
  />
  <div
    className="sc-ifAKCX gedIzG"
  >
    <div
      className="sc-gqjmRU kVlJyR"
    >
      Test Event
    </div>
    <div
      className="sc-gqjmRU jrxsms"
      color="#696969"
    >
      3/25/20
       - 
      3/26/20
    </div>
    <div
      className="sc-gqjmRU jrxsms"
      color="#696969"
    >
      Test Location
    </div>
  </div>
  <div
    className="sc-ifAKCX gedIzG"
  >
    <div
      className="sc-gqjmRU kVlJyR"
    >
      Added Activities
    </div>
    <div
      className="sc-gqjmRU jrxsms"
      color="#696969"
    >
      Here's a list of activities.
    </div>
    <div
      className="sc-gqjmRU jrxsms"
      color="#696969"
    >
      Use the form on the left to add more activities.
    </div>
  </div>
  <div
    className="sc-ifAKCX gtRkZt"
  >
    <div
      className="sc-ifAKCX euqiKW"
    >
      <div
        className="sc-gqjmRU eeMQKT"
      >
        Activity: 
        Test Activity
      </div>
      <div
        className="sc-gqjmRU eeMQKT"
      >
        Date: 
        3/25/20
      </div>
      <div
        className="sc-gqjmRU eeMQKT"
      >
        Location: 
        Test Location
      </div>
      <div
        className="sc-gqjmRU eeMQKT"
      >
        Starting Time: 
        8:00AM
      </div>
      <div
        className="sc-ifAKCX cAogPT"
      >
        <svg
          fill="currentColor"
          height="1em"
          onClick={[Function]}
          stroke="currentColor"
          strokeWidth="0"
          style={
            Object {
              "color": undefined,
            }
          }
          viewBox="0 0 576 512"
          width="1em"
          xmlns="http://www.w3.org/2000/svg"
        >
          <path
            d="M402.6 83.2l90.2 90.2c3.8 3.8 3.8 10 0 13.8L274.4 405.6l-92.8 10.3c-12.4 1.4-22.9-9.1-21.5-21.5l10.3-92.8L388.8 83.2c3.8-3.8 10-3.8 13.8 0zm162-22.9l-48.8-48.8c-15.2-15.2-39.9-15.2-55.2 0l-35.4 35.4c-3.8 3.8-3.8 10 0 13.8l90.2 90.2c3.8 3.8 10 3.8 13.8 0l35.4-35.4c15.2-15.3 15.2-40 0-55.2zM384 346.2V448H64V128h229.8c3.2 0 6.2-1.3 8.5-3.5l40-40c7.6-7.6 2.2-20.5-8.5-20.5H48C21.5 64 0 85.5 0 112v352c0 26.5 21.5 48 48 48h352c26.5 0 48-21.5 48-48V306.2c0-10.7-12.9-16-20.5-8.5l-40 40c-2.2 2.3-3.5 5.3-3.5 8.5z"
          />
        </svg>
      </div>
      <div
        className="sc-ifAKCX jObzai"
      >
        <svg
          fill="currentColor"
          height="1em"
          onClick={[Function]}
          stroke="currentColor"
          strokeWidth="0"
          style={
            Object {
              "color": undefined,
            }
          }
          viewBox="0 0 448 512"
          width="1em"
          xmlns="http://www.w3.org/2000/svg"
        >
          <path
            d="M32 464a48 48 0 0 0 48 48h288a48 48 0 0 0 48-48V128H32zm272-256a16 16 0 0 1 32 0v224a16 16 0 0 1-32 0zm-96 0a16 16 0 0 1 32 0v224a16 16 0 0 1-32 0zm-96 0a16 16 0 0 1 32 0v224a16 16 0 0 1-32 0zM432 32H312l-9.4-18.7A24 24 0 0 0 281.1 0H166.8a23.72 23.72 0 0 0-21.4 13.3L136 32H16A16 16 0 0 0 0 48v32a16 16 0 0 0 16 16h416a16 16 0 0 0 16-16V48a16 16 0 0 0-16-16z"
          />
        </svg>
      </div>
    </div>
  </div>
</div>
`;
